// Jest Snapshot v1, https://goo.gl/fbAQLP

exports[`Popover should match the snapshot 1`] = `
<DocumentFragment>
  <div
    class="jsx-3851428059 raw-popover"
    data-testid="popoverTarget"
  >
    Click me
  </div>
</DocumentFragment>
`;
