// Jest Snapshot v1, https://goo.gl/fbAQLP

exports[`Toggle should match the snapshot 1`] = `
<DocumentFragment>
  <label
    class="raw-toggle jsx-2283230529"
    data-testid="toggleLabel"
  >
    <input
      class="jsx-3265204931 raw-toggle-input"
      role="switch"
      type="checkbox"
    />
    <span
      class="raw-toggle-inner"
    >
      <div
        class="raw-toggle-thumb"
      />
    </span>
  </label>
</DocumentFragment>
`;
