// Jest Snapshot v1, https://goo.gl/fbAQLP

exports[`Radio should match the snapshot 1`] = `
<DocumentFragment>
  <label
    class="jsx-2317508149 raw-radio"
  >
    <input
      class="jsx-1802955700 raw-radio-input"
      type="radio"
    />
    <span
      class="jsx-2317508149 raw-radio-inner"
    />
  </label>
</DocumentFragment>
`;
