// Jest Snapshot v1, https://goo.gl/fbAQLP

exports[`Checkbox should match the snapshot 1`] = `
<DocumentFragment>
  <label
    class="jsx-4106493912 raw-checkbox"
    data-testid="checkboxLabel"
  >
    <input
      aria-checked="false"
      class="jsx-3265204931 raw-checkbox-input"
      type="checkbox"
    />
    <span
      class="jsx-3654000413 raw-checkbox-inner"
    >
      <div
        class="jsx-3654000413 raw-checkbox-icon"
      />
    </span>
  </label>
</DocumentFragment>
`;
