// Jest Snapshot v1, https://goo.gl/fbAQLP

exports[`Popup should match the snapshot 1`] = `<DocumentFragment />`;
