// Jest Snapshot v1, https://goo.gl/fbAQLP

exports[`ButtonGroup should match the snapshot 1`] = `
<DocumentFragment>
  <div
    class="raw-button-group raw-button-group-horizontal jsx-2328814491"
    role="group"
  >
    <button
      aria-disabled="false"
      class="raw-button jsx-2168746361"
      type="button"
    >
      <span
        class="raw-button-content"
        data-testid="buttonContent"
      >
        One
      </span>
    </button>
    <button
      aria-disabled="false"
      class="raw-button jsx-2168746361"
      type="button"
    >
      <span
        class="raw-button-content"
        data-testid="buttonContent"
      >
        Two
      </span>
    </button>
    <button
      aria-disabled="false"
      class="raw-button jsx-2168746361"
      type="button"
    >
      <span
        class="raw-button-content"
        data-testid="buttonContent"
      >
        Three
      </span>
    </button>
  </div>
</DocumentFragment>
`;
