// Jest Snapshot v1, https://goo.gl/fbAQLP

exports[`Button should match the snapshot 1`] = `
<DocumentFragment>
  <button
    class="raw-button raw-md-button jsx-2168746361"
    type="button"
  >
    <span
      class="raw-button-content"
    >
      Default
    </span>
  </button>
</DocumentFragment>
`;
