// Jest Snapshot v1, https://goo.gl/fbAQLP

exports[`Select should match the snapshot 1`] = `
<DocumentFragment>
  <div
    class="raw-select jsx-1520639952"
    data-testid="selectContainer"
  >
    <div
      class="raw-select-inner"
    >
      <span
        class="raw-select-placeholder"
      >
        Select option
      </span>
      <input
        aria-controls="raw-select-dropdown-:r0:"
        aria-expanded="false"
        aria-haspopup="listbox"
        autocomplete="off"
        class="jsx-1802955700 "
        readonly=""
        role="combobox"
        type="search"
        unselectable="on"
      />
    </div>
    <div
      class="raw-select-arrow"
    >
      <svg
        fill="none"
        height="16"
        stroke="currentColor"
        stroke-linecap="round"
        stroke-linejoin="round"
        stroke-width="2"
        viewBox="0 0 24 24"
        width="16"
        xmlns="http://www.w3.org/2000/svg"
      >
        <polyline
          points="6 9 12 15 18 9"
        />
      </svg>
    </div>
  </div>
</DocumentFragment>
`;
