// Jest Snapshot v1, https://goo.gl/fbAQLP

exports[`Input should match the snapshot 1`] = `
<DocumentFragment>
  <input
    autocomplete="off"
    class="raw-input jsx-2920133267"
    placeholder=""
    type="text"
    value=""
  />
</DocumentFragment>
`;
