// Jest Snapshot v1, https://goo.gl/fbAQLP

exports[`Modal should match the snapshot 1`] = `<DocumentFragment />`;
